[dreaminglanka.cf/index.html]
[backblue.gif]
[fade.gif]
[index.html]
[d282ykz6vx01th.cloudfront.net/bkasia129777_site_4.css]
[d2cfhhp4osd3x2.cloudfront.net/90d6180/compiled/photo-swipe.css]
[d2f0ora2gkri0g.cloudfront.net/bkasia129777_ck-logo-top.png]
[d2f0ora2gkri0g.cloudfront.net/bkasia129777_web1.jpg]
[d2f0ora2gkri0g.cloudfront.net/bkasia129777_web2.jpg]
[d2f0ora2gkri0g.cloudfront.net/bkasia129777_web3.jpg]
[d2f0ora2gkri0g.cloudfront.net/bkasia129777_web4.jpg]
[d2f0ora2gkri0g.cloudfront.net/bkasia129777_2016-07-14-11-46-50-409hjl.jpg]
[d2f0ora2gkri0g.cloudfront.net/bkasia129777_329266-cute-kids-handsome-little-boy.jpg]
[d2cfhhp4osd3x2.cloudfront.net/a354924/en/translations2dab.js]
[d2cfhhp4osd3x2.cloudfront.net/90d6180/compiled/published-site-v8.js]
[d2cfhhp4osd3x2.cloudfront.net/90d6180/compiled/twig-widget-views-v2.js]
[ajax.googleapis.com/ajax/libs/jquery/1.10.2/jquery.min.js]
[d2cfhhp4osd3x2.cloudfront.net/90d6180/templates/skater/libs/jquery-1.10.2.min.e.delayed]
[dreaminglanka.cf/index.html]
[cdnjs.cloudflare.com/ajax/libs/jquery/1.8.0/jquery.min.js]
[d282ykz6vx01th.cloudfront.net/bkasia129777_site_4.css]
[d2cfhhp4osd3x2.cloudfront.net/90d6180/compiled/photo-swipe.css]
[d2cfhhp4osd3x2.cloudfront.net/90d6180/templates/skater/libs/jquery-1.10.2.min.html]
[dreaminglanka.cf/GET]
[dreaminglanka.cf/GET]
